
> ai-image-editor@0.1.0 build
> next build

Γû▓ Next.js 16.1.1 (Turbopack)
- Environments: .env

  Creating an optimized production build ...
Γ£ô Compiled successfully in 11.2s
  Running TypeScript ...
  Collecting page data using 3 workers ...
  Generating static pages using 3 workers (0/24) ...
  Generating static pages using 3 workers (6/24) 
  Generating static pages using 3 workers (12/24) 
  Generating static pages using 3 workers (18/24) 
Γ£ô Generating static pages using 3 workers (24/24) in 631.3ms
  Finalizing page optimization ...

Route (app)
Γöî Γùï /
Γö£ Γùï /_not-found
Γö£ ╞Æ /api/auth/signup
Γö£ ╞Æ /api/auth/upload-logo
Γö£ ╞Æ /api/extract-brand
Γö£ ╞Æ /api/generate-creative
Γö£ ╞Æ /api/generateHeadline
Γö£ ╞Æ /api/generateImage
Γö£ ╞Æ /api/health
Γö£ ╞Æ /api/profiles/[id]
Γö£ ╞Æ /api/projects
Γö£ ╞Æ /api/projects/[id]
Γö£ ╞Æ /api/projects/save
Γö£ ╞Æ /api/signup/upload-logo
Γö£ Γùï /auth/callback
Γö£ Γùï /auth/forgotpassword
Γö£ Γùï /auth/reset-password
Γö£ Γùï /dashboard
Γö£ Γùï /editor
Γö£ Γùï /home
Γö£ Γùï /login
Γö£ Γùï /projects
Γö£ ╞Æ /projects/[id]
Γö£ Γùï /result
Γö£ Γùï /settings
Γöö Γùï /signup


Γùï  (Static)   prerendered as static content
╞Æ  (Dynamic)  server-rendered on demand

